main.c:90:5:main	40	static
main.c:248:6:SystemClock_Config	160	static
main.c:291:6:HAL_GPIO_EXTI_Callback	16	static
main.c:407:6:print_first_line	16	static
main.c:414:6:print_second_line	16	static
main.c:421:6:print_third_line	16	static
main.c:428:6:print_fourth_line	16	static
main.c:435:6:print_fifth_line	16	static
main.c:442:6:print_sixth_line	16	static
main.c:449:6:pointer_write	16	static
main.c:456:6:upd_disp	8	static
main.c:465:6:HAL_UART_IDLE_Callback	16	static
main.c:484:6:Error_Handler	4	static,ignoring_inline_asm
